// Jest Snapshot v1, https://goo.gl/fbAQLP

exports[`Nav should match the snapshot 1`] = `
ShallowWrapper {
  Symbol(enzyme.__root__): [Circular],
  Symbol(enzyme.__unrendered__): <Nav
    changePage={[MockFunction]}
    favorites={Array []}
  />,
  Symbol(enzyme.__renderer__): Object {
    "batchedUpdates": [Function],
    "getNode": [Function],
    "render": [Function],
    "simulateError": [Function],
    "simulateEvent": [Function],
    "unmount": [Function],
  },
  Symbol(enzyme.__node__): Object {
    "instance": null,
    "key": undefined,
    "nodeType": "host",
    "props": Object {
      "children": Array [
        <button
          onClick={[Function]}
        >
          Characters
        </button>,
        <button
          onClick={[Function]}
        >
          Planets
        </button>,
        <button
          onClick={[Function]}
        >
          Vehicles
        </button>,
        <button>
          Favorites: 
          0
        </button>,
      ],
    },
    "ref": null,
    "rendered": Array [
      Object {
        "instance": null,
        "key": undefined,
        "nodeType": "host",
        "props": Object {
          "children": "Characters",
          "onClick": [Function],
        },
        "ref": null,
        "rendered": "Characters",
        "type": "button",
      },
      Object {
        "instance": null,
        "key": undefined,
        "nodeType": "host",
        "props": Object {
          "children": "Planets",
          "onClick": [Function],
        },
        "ref": null,
        "rendered": "Planets",
        "type": "button",
      },
      Object {
        "instance": null,
        "key": undefined,
        "nodeType": "host",
        "props": Object {
          "children": "Vehicles",
          "onClick": [Function],
        },
        "ref": null,
        "rendered": "Vehicles",
        "type": "button",
      },
      Object {
        "instance": null,
        "key": undefined,
        "nodeType": "host",
        "props": Object {
          "children": Array [
            "Favorites: ",
            0,
          ],
        },
        "ref": null,
        "rendered": Array [
          "Favorites: ",
          0,
        ],
        "type": "button",
      },
    ],
    "type": "nav",
  },
  Symbol(enzyme.__nodes__): Array [
    Object {
      "instance": null,
      "key": undefined,
      "nodeType": "host",
      "props": Object {
        "children": Array [
          <button
            onClick={[Function]}
          >
            Characters
          </button>,
          <button
            onClick={[Function]}
          >
            Planets
          </button>,
          <button
            onClick={[Function]}
          >
            Vehicles
          </button>,
          <button>
            Favorites: 
            0
          </button>,
        ],
      },
      "ref": null,
      "rendered": Array [
        Object {
          "instance": null,
          "key": undefined,
          "nodeType": "host",
          "props": Object {
            "children": "Characters",
            "onClick": [Function],
          },
          "ref": null,
          "rendered": "Characters",
          "type": "button",
        },
        Object {
          "instance": null,
          "key": undefined,
          "nodeType": "host",
          "props": Object {
            "children": "Planets",
            "onClick": [Function],
          },
          "ref": null,
          "rendered": "Planets",
          "type": "button",
        },
        Object {
          "instance": null,
          "key": undefined,
          "nodeType": "host",
          "props": Object {
            "children": "Vehicles",
            "onClick": [Function],
          },
          "ref": null,
          "rendered": "Vehicles",
          "type": "button",
        },
        Object {
          "instance": null,
          "key": undefined,
          "nodeType": "host",
          "props": Object {
            "children": Array [
              "Favorites: ",
              0,
            ],
          },
          "ref": null,
          "rendered": Array [
            "Favorites: ",
            0,
          ],
          "type": "button",
        },
      ],
      "type": "nav",
    },
  ],
  Symbol(enzyme.__options__): Object {
    "adapter": ReactSixteenAdapter {
      "options": Object {
        "enableComponentDidUpdateOnSetState": true,
        "lifecycles": Object {
          "componentDidUpdate": Object {
            "onSetState": true,
          },
          "getDerivedStateFromProps": true,
          "getSnapshotBeforeUpdate": true,
          "setState": Object {
            "skipsComponentDidUpdateOnNullish": true,
          },
        },
      },
    },
  },
}
`;
