// Jest Snapshot v1, https://goo.gl/fbAQLP

exports[`Plantes should match the snapshot 1`] = `
ShallowWrapper {
  Symbol(enzyme.__root__): [Circular],
  Symbol(enzyme.__unrendered__): <Planets
    planets={
      Array [
        Object {
          "category": "planets",
          "id": "Alderaan",
          "info": Object {
            "Climate": "Climate:  temperate",
            "Name": "Alderaan",
            "Population": "Population: 2000000000",
            "Residents": "Residents:  Leia Organa,Bail Prestor Organa,Raymus Antilles",
            "Terrain": "Terrain:  grasslands, mountains",
          },
        },
      ]
    }
    toggleFavorites={[MockFunction]}
  />,
  Symbol(enzyme.__renderer__): Object {
    "batchedUpdates": [Function],
    "getNode": [Function],
    "render": [Function],
    "simulateError": [Function],
    "simulateEvent": [Function],
    "unmount": [Function],
  },
  Symbol(enzyme.__node__): Object {
    "instance": null,
    "key": undefined,
    "nodeType": "host",
    "props": Object {
      "children": Array [
        <div
          className="planet-card card"
        >
          <button
            className="favorite-btn"
            onClick={[Function]}
            type="button"
          >
            <i
              className="fas fa-jedi"
            />
          </button>
          <div
            className="info"
          >
            <p>
              <p>
                Climate:  temperate
              </p>
              <p>
                Alderaan
              </p>
              <p>
                Population: 2000000000
              </p>
              <p>
                Residents:  Leia Organa,Bail Prestor Organa,Raymus Antilles
              </p>
              <p>
                Terrain:  grasslands, mountains
              </p>
            </p>
          </div>
        </div>,
      ],
      "className": "cardContainer",
    },
    "ref": null,
    "rendered": Array [
      Object {
        "instance": null,
        "key": "Alderaan-0",
        "nodeType": "host",
        "props": Object {
          "children": Array [
            <button
              className="favorite-btn"
              onClick={[Function]}
              type="button"
            >
              <i
                className="fas fa-jedi"
              />
            </button>,
            <div
              className="info"
            >
              <p>
                <p>
                  Climate:  temperate
                </p>
                <p>
                  Alderaan
                </p>
                <p>
                  Population: 2000000000
                </p>
                <p>
                  Residents:  Leia Organa,Bail Prestor Organa,Raymus Antilles
                </p>
                <p>
                  Terrain:  grasslands, mountains
                </p>
              </p>
            </div>,
          ],
          "className": "planet-card card",
        },
        "ref": null,
        "rendered": Array [
          Object {
            "instance": null,
            "key": undefined,
            "nodeType": "host",
            "props": Object {
              "children": <i
                className="fas fa-jedi"
              />,
              "className": "favorite-btn",
              "onClick": [Function],
              "type": "button",
            },
            "ref": null,
            "rendered": Object {
              "instance": null,
              "key": undefined,
              "nodeType": "host",
              "props": Object {
                "className": "fas fa-jedi",
              },
              "ref": null,
              "rendered": null,
              "type": "i",
            },
            "type": "button",
          },
          Object {
            "instance": null,
            "key": undefined,
            "nodeType": "host",
            "props": Object {
              "children": <p>
                <p>
                  Climate:  temperate
                </p>
                <p>
                  Alderaan
                </p>
                <p>
                  Population: 2000000000
                </p>
                <p>
                  Residents:  Leia Organa,Bail Prestor Organa,Raymus Antilles
                </p>
                <p>
                  Terrain:  grasslands, mountains
                </p>
              </p>,
              "className": "info",
            },
            "ref": null,
            "rendered": Object {
              "instance": null,
              "key": undefined,
              "nodeType": "host",
              "props": Object {
                "children": Array [
                  <p>
                    Climate:  temperate
                  </p>,
                  <p>
                    Alderaan
                  </p>,
                  <p>
                    Population: 2000000000
                  </p>,
                  <p>
                    Residents:  Leia Organa,Bail Prestor Organa,Raymus Antilles
                  </p>,
                  <p>
                    Terrain:  grasslands, mountains
                  </p>,
                ],
              },
              "ref": null,
              "rendered": Array [
                Object {
                  "instance": null,
                  "key": "C-0",
                  "nodeType": "host",
                  "props": Object {
                    "children": "Climate:  temperate",
                  },
                  "ref": null,
                  "rendered": "Climate:  temperate",
                  "type": "p",
                },
                Object {
                  "instance": null,
                  "key": "A-1",
                  "nodeType": "host",
                  "props": Object {
                    "children": "Alderaan",
                  },
                  "ref": null,
                  "rendered": "Alderaan",
                  "type": "p",
                },
                Object {
                  "instance": null,
                  "key": "P-2",
                  "nodeType": "host",
                  "props": Object {
                    "children": "Population: 2000000000",
                  },
                  "ref": null,
                  "rendered": "Population: 2000000000",
                  "type": "p",
                },
                Object {
                  "instance": null,
                  "key": "R-3",
                  "nodeType": "host",
                  "props": Object {
                    "children": "Residents:  Leia Organa,Bail Prestor Organa,Raymus Antilles",
                  },
                  "ref": null,
                  "rendered": "Residents:  Leia Organa,Bail Prestor Organa,Raymus Antilles",
                  "type": "p",
                },
                Object {
                  "instance": null,
                  "key": "T-4",
                  "nodeType": "host",
                  "props": Object {
                    "children": "Terrain:  grasslands, mountains",
                  },
                  "ref": null,
                  "rendered": "Terrain:  grasslands, mountains",
                  "type": "p",
                },
              ],
              "type": "p",
            },
            "type": "div",
          },
        ],
        "type": "div",
      },
    ],
    "type": "section",
  },
  Symbol(enzyme.__nodes__): Array [
    Object {
      "instance": null,
      "key": undefined,
      "nodeType": "host",
      "props": Object {
        "children": Array [
          <div
            className="planet-card card"
          >
            <button
              className="favorite-btn"
              onClick={[Function]}
              type="button"
            >
              <i
                className="fas fa-jedi"
              />
            </button>
            <div
              className="info"
            >
              <p>
                <p>
                  Climate:  temperate
                </p>
                <p>
                  Alderaan
                </p>
                <p>
                  Population: 2000000000
                </p>
                <p>
                  Residents:  Leia Organa,Bail Prestor Organa,Raymus Antilles
                </p>
                <p>
                  Terrain:  grasslands, mountains
                </p>
              </p>
            </div>
          </div>,
        ],
        "className": "cardContainer",
      },
      "ref": null,
      "rendered": Array [
        Object {
          "instance": null,
          "key": "Alderaan-0",
          "nodeType": "host",
          "props": Object {
            "children": Array [
              <button
                className="favorite-btn"
                onClick={[Function]}
                type="button"
              >
                <i
                  className="fas fa-jedi"
                />
              </button>,
              <div
                className="info"
              >
                <p>
                  <p>
                    Climate:  temperate
                  </p>
                  <p>
                    Alderaan
                  </p>
                  <p>
                    Population: 2000000000
                  </p>
                  <p>
                    Residents:  Leia Organa,Bail Prestor Organa,Raymus Antilles
                  </p>
                  <p>
                    Terrain:  grasslands, mountains
                  </p>
                </p>
              </div>,
            ],
            "className": "planet-card card",
          },
          "ref": null,
          "rendered": Array [
            Object {
              "instance": null,
              "key": undefined,
              "nodeType": "host",
              "props": Object {
                "children": <i
                  className="fas fa-jedi"
                />,
                "className": "favorite-btn",
                "onClick": [Function],
                "type": "button",
              },
              "ref": null,
              "rendered": Object {
                "instance": null,
                "key": undefined,
                "nodeType": "host",
                "props": Object {
                  "className": "fas fa-jedi",
                },
                "ref": null,
                "rendered": null,
                "type": "i",
              },
              "type": "button",
            },
            Object {
              "instance": null,
              "key": undefined,
              "nodeType": "host",
              "props": Object {
                "children": <p>
                  <p>
                    Climate:  temperate
                  </p>
                  <p>
                    Alderaan
                  </p>
                  <p>
                    Population: 2000000000
                  </p>
                  <p>
                    Residents:  Leia Organa,Bail Prestor Organa,Raymus Antilles
                  </p>
                  <p>
                    Terrain:  grasslands, mountains
                  </p>
                </p>,
                "className": "info",
              },
              "ref": null,
              "rendered": Object {
                "instance": null,
                "key": undefined,
                "nodeType": "host",
                "props": Object {
                  "children": Array [
                    <p>
                      Climate:  temperate
                    </p>,
                    <p>
                      Alderaan
                    </p>,
                    <p>
                      Population: 2000000000
                    </p>,
                    <p>
                      Residents:  Leia Organa,Bail Prestor Organa,Raymus Antilles
                    </p>,
                    <p>
                      Terrain:  grasslands, mountains
                    </p>,
                  ],
                },
                "ref": null,
                "rendered": Array [
                  Object {
                    "instance": null,
                    "key": "C-0",
                    "nodeType": "host",
                    "props": Object {
                      "children": "Climate:  temperate",
                    },
                    "ref": null,
                    "rendered": "Climate:  temperate",
                    "type": "p",
                  },
                  Object {
                    "instance": null,
                    "key": "A-1",
                    "nodeType": "host",
                    "props": Object {
                      "children": "Alderaan",
                    },
                    "ref": null,
                    "rendered": "Alderaan",
                    "type": "p",
                  },
                  Object {
                    "instance": null,
                    "key": "P-2",
                    "nodeType": "host",
                    "props": Object {
                      "children": "Population: 2000000000",
                    },
                    "ref": null,
                    "rendered": "Population: 2000000000",
                    "type": "p",
                  },
                  Object {
                    "instance": null,
                    "key": "R-3",
                    "nodeType": "host",
                    "props": Object {
                      "children": "Residents:  Leia Organa,Bail Prestor Organa,Raymus Antilles",
                    },
                    "ref": null,
                    "rendered": "Residents:  Leia Organa,Bail Prestor Organa,Raymus Antilles",
                    "type": "p",
                  },
                  Object {
                    "instance": null,
                    "key": "T-4",
                    "nodeType": "host",
                    "props": Object {
                      "children": "Terrain:  grasslands, mountains",
                    },
                    "ref": null,
                    "rendered": "Terrain:  grasslands, mountains",
                    "type": "p",
                  },
                ],
                "type": "p",
              },
              "type": "div",
            },
          ],
          "type": "div",
        },
      ],
      "type": "section",
    },
  ],
  Symbol(enzyme.__options__): Object {
    "adapter": ReactSixteenAdapter {
      "options": Object {
        "enableComponentDidUpdateOnSetState": true,
        "lifecycles": Object {
          "componentDidUpdate": Object {
            "onSetState": true,
          },
          "getDerivedStateFromProps": true,
          "getSnapshotBeforeUpdate": true,
          "setState": Object {
            "skipsComponentDidUpdateOnNullish": true,
          },
        },
      },
    },
  },
}
`;
