// Jest Snapshot v1, https://goo.gl/fbAQLP

exports[`Vehicles should match snapshot 1`] = `
ShallowWrapper {
  Symbol(enzyme.__root__): [Circular],
  Symbol(enzyme.__unrendered__): <Vehicles
    toggleFavorites={[MockFunction]}
    vehicles={
      Array [
        Object {
          "info": Object {
            "Class": "Vehicle:  wheeled",
            "Model": "Model:  Digger Crawler",
            "Name": "Sand Crawler",
            "Passengers": "Passengers:  30",
          },
        },
      ]
    }
  />,
  Symbol(enzyme.__renderer__): Object {
    "batchedUpdates": [Function],
    "getNode": [Function],
    "render": [Function],
    "simulateError": [Function],
    "simulateEvent": [Function],
    "unmount": [Function],
  },
  Symbol(enzyme.__node__): Object {
    "instance": null,
    "key": undefined,
    "nodeType": "host",
    "props": Object {
      "children": Array [
        <div
          className="vehicle-card card"
          id="no"
        >
          <button
            className="favorite-btn"
            onClick={[Function]}
            type="button"
          >
            <i
              className="fas fa-jedi"
            />
          </button>
          <div
            className="info"
          >
            <p>
              <p>
                Vehicle:  wheeled
              </p>
              <p>
                Model:  Digger Crawler
              </p>
              <p>
                Sand Crawler
              </p>
              <p>
                Passengers:  30
              </p>
            </p>
          </div>
        </div>,
      ],
      "className": "cardContainer",
    },
    "ref": null,
    "rendered": Array [
      Object {
        "instance": null,
        "key": undefined,
        "nodeType": "host",
        "props": Object {
          "children": Array [
            <button
              className="favorite-btn"
              onClick={[Function]}
              type="button"
            >
              <i
                className="fas fa-jedi"
              />
            </button>,
            <div
              className="info"
            >
              <p>
                <p>
                  Vehicle:  wheeled
                </p>
                <p>
                  Model:  Digger Crawler
                </p>
                <p>
                  Sand Crawler
                </p>
                <p>
                  Passengers:  30
                </p>
              </p>
            </div>,
          ],
          "className": "vehicle-card card",
          "id": "no",
        },
        "ref": null,
        "rendered": Array [
          Object {
            "instance": null,
            "key": undefined,
            "nodeType": "host",
            "props": Object {
              "children": <i
                className="fas fa-jedi"
              />,
              "className": "favorite-btn",
              "onClick": [Function],
              "type": "button",
            },
            "ref": null,
            "rendered": Object {
              "instance": null,
              "key": undefined,
              "nodeType": "host",
              "props": Object {
                "className": "fas fa-jedi",
              },
              "ref": null,
              "rendered": null,
              "type": "i",
            },
            "type": "button",
          },
          Object {
            "instance": null,
            "key": undefined,
            "nodeType": "host",
            "props": Object {
              "children": <p>
                <p>
                  Vehicle:  wheeled
                </p>
                <p>
                  Model:  Digger Crawler
                </p>
                <p>
                  Sand Crawler
                </p>
                <p>
                  Passengers:  30
                </p>
              </p>,
              "className": "info",
            },
            "ref": null,
            "rendered": Object {
              "instance": null,
              "key": undefined,
              "nodeType": "host",
              "props": Object {
                "children": Array [
                  <p>
                    Vehicle:  wheeled
                  </p>,
                  <p>
                    Model:  Digger Crawler
                  </p>,
                  <p>
                    Sand Crawler
                  </p>,
                  <p>
                    Passengers:  30
                  </p>,
                ],
              },
              "ref": null,
              "rendered": Array [
                Object {
                  "instance": null,
                  "key": undefined,
                  "nodeType": "host",
                  "props": Object {
                    "children": "Vehicle:  wheeled",
                  },
                  "ref": null,
                  "rendered": "Vehicle:  wheeled",
                  "type": "p",
                },
                Object {
                  "instance": null,
                  "key": undefined,
                  "nodeType": "host",
                  "props": Object {
                    "children": "Model:  Digger Crawler",
                  },
                  "ref": null,
                  "rendered": "Model:  Digger Crawler",
                  "type": "p",
                },
                Object {
                  "instance": null,
                  "key": undefined,
                  "nodeType": "host",
                  "props": Object {
                    "children": "Sand Crawler",
                  },
                  "ref": null,
                  "rendered": "Sand Crawler",
                  "type": "p",
                },
                Object {
                  "instance": null,
                  "key": undefined,
                  "nodeType": "host",
                  "props": Object {
                    "children": "Passengers:  30",
                  },
                  "ref": null,
                  "rendered": "Passengers:  30",
                  "type": "p",
                },
              ],
              "type": "p",
            },
            "type": "div",
          },
        ],
        "type": "div",
      },
    ],
    "type": "section",
  },
  Symbol(enzyme.__nodes__): Array [
    Object {
      "instance": null,
      "key": undefined,
      "nodeType": "host",
      "props": Object {
        "children": Array [
          <div
            className="vehicle-card card"
            id="no"
          >
            <button
              className="favorite-btn"
              onClick={[Function]}
              type="button"
            >
              <i
                className="fas fa-jedi"
              />
            </button>
            <div
              className="info"
            >
              <p>
                <p>
                  Vehicle:  wheeled
                </p>
                <p>
                  Model:  Digger Crawler
                </p>
                <p>
                  Sand Crawler
                </p>
                <p>
                  Passengers:  30
                </p>
              </p>
            </div>
          </div>,
        ],
        "className": "cardContainer",
      },
      "ref": null,
      "rendered": Array [
        Object {
          "instance": null,
          "key": undefined,
          "nodeType": "host",
          "props": Object {
            "children": Array [
              <button
                className="favorite-btn"
                onClick={[Function]}
                type="button"
              >
                <i
                  className="fas fa-jedi"
                />
              </button>,
              <div
                className="info"
              >
                <p>
                  <p>
                    Vehicle:  wheeled
                  </p>
                  <p>
                    Model:  Digger Crawler
                  </p>
                  <p>
                    Sand Crawler
                  </p>
                  <p>
                    Passengers:  30
                  </p>
                </p>
              </div>,
            ],
            "className": "vehicle-card card",
            "id": "no",
          },
          "ref": null,
          "rendered": Array [
            Object {
              "instance": null,
              "key": undefined,
              "nodeType": "host",
              "props": Object {
                "children": <i
                  className="fas fa-jedi"
                />,
                "className": "favorite-btn",
                "onClick": [Function],
                "type": "button",
              },
              "ref": null,
              "rendered": Object {
                "instance": null,
                "key": undefined,
                "nodeType": "host",
                "props": Object {
                  "className": "fas fa-jedi",
                },
                "ref": null,
                "rendered": null,
                "type": "i",
              },
              "type": "button",
            },
            Object {
              "instance": null,
              "key": undefined,
              "nodeType": "host",
              "props": Object {
                "children": <p>
                  <p>
                    Vehicle:  wheeled
                  </p>
                  <p>
                    Model:  Digger Crawler
                  </p>
                  <p>
                    Sand Crawler
                  </p>
                  <p>
                    Passengers:  30
                  </p>
                </p>,
                "className": "info",
              },
              "ref": null,
              "rendered": Object {
                "instance": null,
                "key": undefined,
                "nodeType": "host",
                "props": Object {
                  "children": Array [
                    <p>
                      Vehicle:  wheeled
                    </p>,
                    <p>
                      Model:  Digger Crawler
                    </p>,
                    <p>
                      Sand Crawler
                    </p>,
                    <p>
                      Passengers:  30
                    </p>,
                  ],
                },
                "ref": null,
                "rendered": Array [
                  Object {
                    "instance": null,
                    "key": undefined,
                    "nodeType": "host",
                    "props": Object {
                      "children": "Vehicle:  wheeled",
                    },
                    "ref": null,
                    "rendered": "Vehicle:  wheeled",
                    "type": "p",
                  },
                  Object {
                    "instance": null,
                    "key": undefined,
                    "nodeType": "host",
                    "props": Object {
                      "children": "Model:  Digger Crawler",
                    },
                    "ref": null,
                    "rendered": "Model:  Digger Crawler",
                    "type": "p",
                  },
                  Object {
                    "instance": null,
                    "key": undefined,
                    "nodeType": "host",
                    "props": Object {
                      "children": "Sand Crawler",
                    },
                    "ref": null,
                    "rendered": "Sand Crawler",
                    "type": "p",
                  },
                  Object {
                    "instance": null,
                    "key": undefined,
                    "nodeType": "host",
                    "props": Object {
                      "children": "Passengers:  30",
                    },
                    "ref": null,
                    "rendered": "Passengers:  30",
                    "type": "p",
                  },
                ],
                "type": "p",
              },
              "type": "div",
            },
          ],
          "type": "div",
        },
      ],
      "type": "section",
    },
  ],
  Symbol(enzyme.__options__): Object {
    "adapter": ReactSixteenAdapter {
      "options": Object {
        "enableComponentDidUpdateOnSetState": true,
        "lifecycles": Object {
          "componentDidUpdate": Object {
            "onSetState": true,
          },
          "getDerivedStateFromProps": true,
          "getSnapshotBeforeUpdate": true,
          "setState": Object {
            "skipsComponentDidUpdateOnNullish": true,
          },
        },
      },
    },
  },
}
`;
