// Jest Snapshot v1, https://goo.gl/fbAQLP

exports[`Characters should match the snapshot 1`] = `
ShallowWrapper {
  Symbol(enzyme.__root__): [Circular],
  Symbol(enzyme.__unrendered__): <Characters
    activePage="mockCharacters"
    characters={
      Array [
        Object {
          "category": "characters",
          "id": "bob",
          "info": Object {
            "Homeworld": "Homeworld:  Earth",
            "Name": "Name:  bob",
            "Population": "Population:  123456789",
            "Species": "Species:  human",
          },
        },
      ]
    }
    favorites={Array []}
    toggleFavorites={[MockFunction]}
  />,
  Symbol(enzyme.__renderer__): Object {
    "batchedUpdates": [Function],
    "getNode": [Function],
    "render": [Function],
    "simulateError": [Function],
    "simulateEvent": [Function],
    "unmount": [Function],
  },
  Symbol(enzyme.__node__): Object {
    "instance": null,
    "key": undefined,
    "nodeType": "host",
    "props": Object {
      "children": Array [
        <div
          className="character-card card"
        >
          <button
            className="favorite-btn"
            onClick={[Function]}
            type="button"
          >
            <i
              className="fas fa-jedi"
            />
          </button>
          <div
            className="info"
          >
            <p>
              <p>
                Homeworld:  Earth
              </p>
              <p>
                Population:  123456789
              </p>
              <p>
                Species:  human
              </p>
              <p>
                Name:  bob
              </p>
            </p>
          </div>
        </div>,
      ],
      "className": "cardContainer",
    },
    "ref": null,
    "rendered": Array [
      Object {
        "instance": null,
        "key": "bob",
        "nodeType": "host",
        "props": Object {
          "children": Array [
            <button
              className="favorite-btn"
              onClick={[Function]}
              type="button"
            >
              <i
                className="fas fa-jedi"
              />
            </button>,
            <div
              className="info"
            >
              <p>
                <p>
                  Homeworld:  Earth
                </p>
                <p>
                  Population:  123456789
                </p>
                <p>
                  Species:  human
                </p>
                <p>
                  Name:  bob
                </p>
              </p>
            </div>,
          ],
          "className": "character-card card",
        },
        "ref": null,
        "rendered": Array [
          Object {
            "instance": null,
            "key": undefined,
            "nodeType": "host",
            "props": Object {
              "children": <i
                className="fas fa-jedi"
              />,
              "className": "favorite-btn",
              "onClick": [Function],
              "type": "button",
            },
            "ref": null,
            "rendered": Object {
              "instance": null,
              "key": undefined,
              "nodeType": "host",
              "props": Object {
                "className": "fas fa-jedi",
              },
              "ref": null,
              "rendered": null,
              "type": "i",
            },
            "type": "button",
          },
          Object {
            "instance": null,
            "key": undefined,
            "nodeType": "host",
            "props": Object {
              "children": <p>
                <p>
                  Homeworld:  Earth
                </p>
                <p>
                  Population:  123456789
                </p>
                <p>
                  Species:  human
                </p>
                <p>
                  Name:  bob
                </p>
              </p>,
              "className": "info",
            },
            "ref": null,
            "rendered": Object {
              "instance": null,
              "key": undefined,
              "nodeType": "host",
              "props": Object {
                "children": Array [
                  <p>
                    Homeworld:  Earth
                  </p>,
                  <p>
                    Population:  123456789
                  </p>,
                  <p>
                    Species:  human
                  </p>,
                  <p>
                    Name:  bob
                  </p>,
                ],
              },
              "ref": null,
              "rendered": Array [
                Object {
                  "instance": null,
                  "key": "H",
                  "nodeType": "host",
                  "props": Object {
                    "children": "Homeworld:  Earth",
                  },
                  "ref": null,
                  "rendered": "Homeworld:  Earth",
                  "type": "p",
                },
                Object {
                  "instance": null,
                  "key": "P",
                  "nodeType": "host",
                  "props": Object {
                    "children": "Population:  123456789",
                  },
                  "ref": null,
                  "rendered": "Population:  123456789",
                  "type": "p",
                },
                Object {
                  "instance": null,
                  "key": "S",
                  "nodeType": "host",
                  "props": Object {
                    "children": "Species:  human",
                  },
                  "ref": null,
                  "rendered": "Species:  human",
                  "type": "p",
                },
                Object {
                  "instance": null,
                  "key": "N",
                  "nodeType": "host",
                  "props": Object {
                    "children": "Name:  bob",
                  },
                  "ref": null,
                  "rendered": "Name:  bob",
                  "type": "p",
                },
              ],
              "type": "p",
            },
            "type": "div",
          },
        ],
        "type": "div",
      },
    ],
    "type": "section",
  },
  Symbol(enzyme.__nodes__): Array [
    Object {
      "instance": null,
      "key": undefined,
      "nodeType": "host",
      "props": Object {
        "children": Array [
          <div
            className="character-card card"
          >
            <button
              className="favorite-btn"
              onClick={[Function]}
              type="button"
            >
              <i
                className="fas fa-jedi"
              />
            </button>
            <div
              className="info"
            >
              <p>
                <p>
                  Homeworld:  Earth
                </p>
                <p>
                  Population:  123456789
                </p>
                <p>
                  Species:  human
                </p>
                <p>
                  Name:  bob
                </p>
              </p>
            </div>
          </div>,
        ],
        "className": "cardContainer",
      },
      "ref": null,
      "rendered": Array [
        Object {
          "instance": null,
          "key": "bob",
          "nodeType": "host",
          "props": Object {
            "children": Array [
              <button
                className="favorite-btn"
                onClick={[Function]}
                type="button"
              >
                <i
                  className="fas fa-jedi"
                />
              </button>,
              <div
                className="info"
              >
                <p>
                  <p>
                    Homeworld:  Earth
                  </p>
                  <p>
                    Population:  123456789
                  </p>
                  <p>
                    Species:  human
                  </p>
                  <p>
                    Name:  bob
                  </p>
                </p>
              </div>,
            ],
            "className": "character-card card",
          },
          "ref": null,
          "rendered": Array [
            Object {
              "instance": null,
              "key": undefined,
              "nodeType": "host",
              "props": Object {
                "children": <i
                  className="fas fa-jedi"
                />,
                "className": "favorite-btn",
                "onClick": [Function],
                "type": "button",
              },
              "ref": null,
              "rendered": Object {
                "instance": null,
                "key": undefined,
                "nodeType": "host",
                "props": Object {
                  "className": "fas fa-jedi",
                },
                "ref": null,
                "rendered": null,
                "type": "i",
              },
              "type": "button",
            },
            Object {
              "instance": null,
              "key": undefined,
              "nodeType": "host",
              "props": Object {
                "children": <p>
                  <p>
                    Homeworld:  Earth
                  </p>
                  <p>
                    Population:  123456789
                  </p>
                  <p>
                    Species:  human
                  </p>
                  <p>
                    Name:  bob
                  </p>
                </p>,
                "className": "info",
              },
              "ref": null,
              "rendered": Object {
                "instance": null,
                "key": undefined,
                "nodeType": "host",
                "props": Object {
                  "children": Array [
                    <p>
                      Homeworld:  Earth
                    </p>,
                    <p>
                      Population:  123456789
                    </p>,
                    <p>
                      Species:  human
                    </p>,
                    <p>
                      Name:  bob
                    </p>,
                  ],
                },
                "ref": null,
                "rendered": Array [
                  Object {
                    "instance": null,
                    "key": "H",
                    "nodeType": "host",
                    "props": Object {
                      "children": "Homeworld:  Earth",
                    },
                    "ref": null,
                    "rendered": "Homeworld:  Earth",
                    "type": "p",
                  },
                  Object {
                    "instance": null,
                    "key": "P",
                    "nodeType": "host",
                    "props": Object {
                      "children": "Population:  123456789",
                    },
                    "ref": null,
                    "rendered": "Population:  123456789",
                    "type": "p",
                  },
                  Object {
                    "instance": null,
                    "key": "S",
                    "nodeType": "host",
                    "props": Object {
                      "children": "Species:  human",
                    },
                    "ref": null,
                    "rendered": "Species:  human",
                    "type": "p",
                  },
                  Object {
                    "instance": null,
                    "key": "N",
                    "nodeType": "host",
                    "props": Object {
                      "children": "Name:  bob",
                    },
                    "ref": null,
                    "rendered": "Name:  bob",
                    "type": "p",
                  },
                ],
                "type": "p",
              },
              "type": "div",
            },
          ],
          "type": "div",
        },
      ],
      "type": "section",
    },
  ],
  Symbol(enzyme.__options__): Object {
    "adapter": ReactSixteenAdapter {
      "options": Object {
        "enableComponentDidUpdateOnSetState": true,
        "lifecycles": Object {
          "componentDidUpdate": Object {
            "onSetState": true,
          },
          "getDerivedStateFromProps": true,
          "getSnapshotBeforeUpdate": true,
          "setState": Object {
            "skipsComponentDidUpdateOnNullish": true,
          },
        },
      },
    },
  },
}
`;
